../Src/010I2C_master_rx_testIT.c:25:6:delay	16	static
../Src/010I2C_master_rx_testIT.c:29:6:GPIO_ButtonInit	24	static
../Src/010I2C_master_rx_testIT.c:42:6:I2C_GPIOInit	24	static
../Src/010I2C_master_rx_testIT.c:63:6:I2C1_Init	8	static
../Src/010I2C_master_rx_testIT.c:76:5:main	56	static
../Src/010I2C_master_rx_testIT.c:140:6:I2C1_EV_IRQHandler	8	static
../Src/010I2C_master_rx_testIT.c:145:6:I2C1_ER_IRQHandler	8	static
../Src/010I2C_master_rx_testIT.c:151:6:I2C_ApplicationEventCallback	16	static
